app/(admin)/admin/clubs/page.tsx(50,102): error TS2339: Property 'id' does not exist on type 'never'.
app/(admin)/admin/clubs/page.tsx(51,67): error TS2339: Property 'id' does not exist on type 'never'.
app/(admin)/admin/clubs/page.tsx(55,13): error TS2698: Spread types may only be created from object types.
app/(admin)/admin/clubs/page.tsx(115,19): error TS2345: Argument of type 'ClubUpdate' is not assignable to parameter of type 'never'.
app/(admin)/admin/clubs/page.tsx(127,63): error TS2769: No overload matches this call.
  Overload 1 of 2, '(values: never, options?: { count?: "exact" | "planned" | "estimated" | undefined; } | undefined): PostgrestFilterBuilder<{ PostgrestVersion: "12"; }, never, never, null, "clubs", never, "POST">', gave the following error.
    Argument of type 'ClubInsert' is not assignable to parameter of type 'never'.
  Overload 2 of 2, '(values: never[], options?: { count?: "exact" | "planned" | "estimated" | undefined; defaultToNull?: boolean | undefined; } | undefined): PostgrestFilterBuilder<{ PostgrestVersion: "12"; }, never, never, null, "clubs", never, "POST">', gave the following error.
    Argument of type 'ClubInsert' is not assignable to parameter of type 'never[]'.
      Type 'ClubInsert' is missing the following properties from type 'never[]': length, pop, push, concat, and 35 more.
app/(admin)/admin/page.tsx(57,11): error TS2698: Spread types may only be created from object types.
app/(admin)/admin/page.tsx(58,42): error TS2339: Property 'competitions' does not exist on type 'never'.
app/(admin)/admin/players/page.tsx(85,46): error TS2698: Spread types may only be created from object types.
app/(admin)/admin/players/page.tsx(85,60): error TS2339: Property 'club' does not exist on type 'never'.
app/(admin)/admin/players/page.tsx(152,19): error TS2345: Argument of type 'PlayerUpdate' is not assignable to parameter of type 'never'.
app/(admin)/admin/players/page.tsx(168,65): error TS2769: No overload matches this call.
  Overload 1 of 2, '(values: never, options?: { count?: "exact" | "planned" | "estimated" | undefined; } | undefined): PostgrestFilterBuilder<{ PostgrestVersion: "12"; }, never, never, null, "players", never, "POST">', gave the following error.
    Argument of type 'PlayerInsert' is not assignable to parameter of type 'never'.
  Overload 2 of 2, '(values: never[], options?: { count?: "exact" | "planned" | "estimated" | undefined; defaultToNull?: boolean | undefined; } | undefined): PostgrestFilterBuilder<{ PostgrestVersion: "12"; }, never, never, null, "players", never, "POST">', gave the following error.
    Argument of type 'PlayerInsert' is not assignable to parameter of type 'never[]'.
      Type 'PlayerInsert' is missing the following properties from type 'never[]': length, pop, push, concat, and 35 more.
app/(admin)/admin/seasons/[seasonId]/calendar/page.tsx(12,11): error TS2430: Interface 'MatchWithDetails' incorrectly extends interface 'Match'.
  Types of property 'home_club' are incompatible.
    Type 'Club | null' is not assignable to type 'Club | undefined'.
      Type 'null' is not assignable to type 'Club | undefined'.
app/(admin)/admin/seasons/[seasonId]/calendar/page.tsx(40,249): error TS2339: Property 'id' does not exist on type 'never'.
app/(admin)/admin/seasons/[seasonId]/calendar/page.tsx(71,47): error TS2345: Argument of type '{ match_order: number; updated_at: string; }' is not assignable to parameter of type 'never'.
app/(admin)/admin/seasons/[seasonId]/competitions/[competitionId]/page.tsx(62,20): error TS2322: Type 'string | null' is not assignable to type 'string | undefined'.
  Type 'null' is not assignable to type 'string | undefined'.
app/(admin)/admin/seasons/[seasonId]/competitions/[competitionId]/page.tsx(62,44): error TS2322: Type 'string | null' is not assignable to type 'string | undefined'.
  Type 'null' is not assignable to type 'string | undefined'.
app/(admin)/admin/seasons/[seasonId]/competitions/[competitionId]/page.tsx(63,45): error TS2322: Type 'string | null' is not assignable to type 'string | undefined'.
  Type 'null' is not assignable to type 'string | undefined'.
app/(admin)/admin/seasons/[seasonId]/competitions/[competitionId]/page.tsx(63,69): error TS2322: Type 'string | null' is not assignable to type 'string | undefined'.
  Type 'null' is not assignable to type 'string | undefined'.
app/(admin)/admin/seasons/[seasonId]/competitions/[competitionId]/page.tsx(70,22): error TS2322: Type 'null' is not assignable to type 'string | undefined'.
app/(admin)/admin/seasons/[seasonId]/competitions/[competitionId]/page.tsx(70,42): error TS2322: Type 'null' is not assignable to type 'string | undefined'.
app/(admin)/admin/seasons/[seasonId]/competitions/[competitionId]/page.tsx(71,47): error TS2322: Type 'null' is not assignable to type 'string | undefined'.
app/(admin)/admin/seasons/[seasonId]/competitions/[competitionId]/page.tsx(71,67): error TS2322: Type 'null' is not assignable to type 'string | undefined'.
app/(admin)/admin/seasons/[seasonId]/competitions/[competitionId]/page.tsx(95,80): error TS2339: Property 'teams_advance_per_group' does not exist on type 'GroupsKnockoutConfig'.
app/(admin)/admin/seasons/[seasonId]/competitions/[competitionId]/page.tsx(102,22): error TS2322: Type 'null' is not assignable to type 'string | undefined'.
app/(admin)/admin/seasons/[seasonId]/competitions/[competitionId]/page.tsx(102,42): error TS2322: Type 'null' is not assignable to type 'string | undefined'.
app/(admin)/admin/seasons/[seasonId]/competitions/[competitionId]/page.tsx(103,56): error TS2322: Type 'null' is not assignable to type 'string | undefined'.
app/(admin)/admin/seasons/[seasonId]/competitions/[competitionId]/page.tsx(103,76): error TS2322: Type 'null' is not assignable to type 'string | undefined'.
app/(admin)/admin/seasons/[seasonId]/competitions/[competitionId]/page.tsx(199,75): error TS2769: No overload matches this call.
  Overload 1 of 2, '(values: never, options?: { count?: "exact" | "planned" | "estimated" | undefined; } | undefined): PostgrestFilterBuilder<{ PostgrestVersion: "12"; }, never, never, null, "competition_clubs", never, "POST">', gave the following error.
    Argument of type '{ competition_id: string; club_id: string; group_name: string | null; seed: number; }[]' is not assignable to parameter of type 'never'.
  Overload 2 of 2, '(values: never[], options?: { count?: "exact" | "planned" | "estimated" | undefined; defaultToNull?: boolean | undefined; } | undefined): PostgrestFilterBuilder<{ PostgrestVersion: "12"; }, never, never, null, "competition_clubs", never, "POST">', gave the following error.
    Argument of type '{ competition_id: string; club_id: string; group_name: string | null; seed: number; }[]' is not assignable to parameter of type 'never[]'.
      Type '{ competition_id: string; club_id: string; group_name: string | null; seed: number; }' is not assignable to type 'never'.
app/(admin)/admin/seasons/[seasonId]/competitions/[competitionId]/page.tsx(203,112): error TS2769: No overload matches this call.
  Overload 1 of 2, '(values: never, options?: { count?: "exact" | "planned" | "estimated" | undefined; } | undefined): PostgrestFilterBuilder<{ PostgrestVersion: "12"; }, never, never, null, "standings", never, "POST">', gave the following error.
    Argument of type '{ competition_id: string; club_id: string; stage_id: null; group_name: string | null; played: number; won: number; drawn: number; lost: number; goals_for: number; goals_against: number; goal_difference: number; points: number; position: null; }' is not assignable to parameter of type 'never'.
  Overload 2 of 2, '(values: never[], options?: { count?: "exact" | "planned" | "estimated" | undefined; defaultToNull?: boolean | undefined; } | undefined): PostgrestFilterBuilder<{ PostgrestVersion: "12"; }, never, never, null, "standings", never, "POST">', gave the following error.
    Argument of type '{ competition_id: string; club_id: string; stage_id: null; group_name: string | null; played: number; won: number; drawn: number; lost: number; goals_for: number; goals_against: number; goal_difference: number; points: number; position: null; }' is not assignable to parameter of type 'never[]'.
      Type '{ competition_id: string; club_id: string; stage_id: null; group_name: string | null; played: number; won: number; drawn: number; lost: number; goals_for: number; goals_against: number; goal_difference: number; points: number; position: null; }' is missing the following properties from type 'never[]': length, pop, push, concat, and 35 more.
app/(admin)/admin/seasons/[seasonId]/competitions/[competitionId]/page.tsx(208,114): error TS2339: Property 'id' does not exist on type 'never'.
app/(admin)/admin/seasons/[seasonId]/competitions/[competitionId]/page.tsx(208,134): error TS2339: Property 'club_id' does not exist on type 'never'.
app/(admin)/admin/seasons/[seasonId]/competitions/[competitionId]/page.tsx(209,127): error TS2769: No overload matches this call.
  Overload 1 of 2, '(values: never, options?: { count?: "exact" | "planned" | "estimated" | undefined; } | undefined): PostgrestFilterBuilder<{ PostgrestVersion: "12"; }, never, never, null, "player_competition_stats", never, "POST">', gave the following error.
    Argument of type '{ competition_id: string; player_id: any; club_id: any; matches_played: number; goals: number; assists: number; mvp_count: number; yellow_cards: number; red_cards: number; minutes_played: number; }' is not assignable to parameter of type 'never'.
  Overload 2 of 2, '(values: never[], options?: { count?: "exact" | "planned" | "estimated" | undefined; defaultToNull?: boolean | undefined; } | undefined): PostgrestFilterBuilder<{ PostgrestVersion: "12"; }, never, never, null, "player_competition_stats", never, "POST">', gave the following error.
    Argument of type '{ competition_id: string; player_id: any; club_id: any; matches_played: number; goals: number; assists: number; mvp_count: number; yellow_cards: number; red_cards: number; minutes_played: number; }' is not assignable to parameter of type 'never[]'.
      Type '{ competition_id: string; player_id: any; club_id: any; matches_played: number; goals: number; assists: number; mvp_count: number; yellow_cards: number; red_cards: number; minutes_played: number; }' is missing the following properties from type 'never[]': length, pop, push, concat, and 35 more.
app/(admin)/admin/seasons/[seasonId]/competitions/[competitionId]/page.tsx(233,137): error TS2339: Property 'id' does not exist on type 'never'.
app/(admin)/admin/seasons/[seasonId]/competitions/[competitionId]/page.tsx(234,81): error TS2339: Property 'match_order' does not exist on type 'never'.
app/(admin)/admin/seasons/[seasonId]/competitions/[competitionId]/page.tsx(237,63): error TS2769: No overload matches this call.
  Overload 1 of 2, '(values: never, options?: { count?: "exact" | "planned" | "estimated" | undefined; } | undefined): PostgrestFilterBuilder<{ PostgrestVersion: "12"; }, never, never, null, "matches", never, "POST">', gave the following error.
    Argument of type '{ competition_id: string; match_order: number; id?: string | undefined; stage_id?: string | null | undefined; home_club_id?: string | undefined; away_club_id?: string | undefined; matchday?: number | ... 1 more ... | undefined; ... 14 more ...; competition?: Competition | undefined; }[]' is not assignable to parameter of type 'never'.
  Overload 2 of 2, '(values: never[], options?: { count?: "exact" | "planned" | "estimated" | undefined; defaultToNull?: boolean | undefined; } | undefined): PostgrestFilterBuilder<{ PostgrestVersion: "12"; }, never, never, null, "matches", never, "POST">', gave the following error.
    Argument of type '{ competition_id: string; match_order: number; id?: string | undefined; stage_id?: string | null | undefined; home_club_id?: string | undefined; away_club_id?: string | undefined; matchday?: number | ... 1 more ... | undefined; ... 14 more ...; competition?: Competition | undefined; }[]' is not assignable to parameter of type 'never[]'.
      Type '{ competition_id: string; match_order: number; id?: string | undefined; stage_id?: string | null | undefined; home_club_id?: string | undefined; away_club_id?: string | undefined; matchday?: number | ... 1 more ... | undefined; ... 14 more ...; competition?: Competition | undefined; }' is not assignable to type 'never'.
app/(admin)/admin/seasons/[seasonId]/page.tsx(59,52): error TS2698: Spread types may only be created from object types.
app/(admin)/admin/seasons/[seasonId]/page.tsx(59,73): error TS2339: Property 'competition_clubs' does not exist on type 'never'.
app/(admin)/admin/seasons/[seasonId]/page.tsx(59,122): error TS2339: Property 'matches' does not exist on type 'never'.
app/(admin)/admin/seasons/[seasonId]/page.tsx(73,38): error TS2352: Conversion of type '{ groups_count: number; teams_per_group: number; teams_advance_per_group: number; knockout_legs: number; }' to type 'GroupsKnockoutConfig' may be a mistake because neither type sufficiently overlaps with the other. If this was intentional, convert the expression to 'unknown' first.
  Property 'qualify_per_group' is missing in type '{ groups_count: number; teams_per_group: number; teams_advance_per_group: number; knockout_legs: number; }' but required in type 'GroupsKnockoutConfig'.
app/(admin)/admin/seasons/[seasonId]/page.tsx(74,16): error TS2322: Type '{}' is not assignable to type 'CompetitionConfig'.
app/(admin)/admin/seasons/[seasonId]/page.tsx(84,61): error TS2769: No overload matches this call.
  Overload 1 of 2, '(values: never, options?: { count?: "exact" | "planned" | "estimated" | undefined; } | undefined): PostgrestFilterBuilder<{ PostgrestVersion: "12"; }, never, never, null, "competitions", never, "POST">', gave the following error.
    Argument of type '{ season_id: string; name: string; type: CompetitionType; config: CompetitionConfig; status: string; }' is not assignable to parameter of type 'never'.
  Overload 2 of 2, '(values: never[], options?: { count?: "exact" | "planned" | "estimated" | undefined; defaultToNull?: boolean | undefined; } | undefined): PostgrestFilterBuilder<{ PostgrestVersion: "12"; }, never, never, null, "competitions", never, "POST">', gave the following error.
    Object literal may only specify known properties, and 'season_id' does not exist in type 'never[]'.
app/(admin)/admin/seasons/page.tsx(38,49): error TS2698: Spread types may only be created from object types.
app/(admin)/admin/seasons/page.tsx(38,77): error TS2339: Property 'competitions' does not exist on type 'never'.
app/(admin)/admin/seasons/page.tsx(56,65): error TS2345: Argument of type '{ name: string; updated_at: string; }' is not assignable to parameter of type 'never'.
app/(admin)/admin/seasons/page.tsx(60,58): error TS2769: No overload matches this call.
  Overload 1 of 2, '(values: never, options?: { count?: "exact" | "planned" | "estimated" | undefined; } | undefined): PostgrestFilterBuilder<{ PostgrestVersion: "12"; }, never, never, null, "seasons", never, "POST">', gave the following error.
    Argument of type '{ name: string; status: string; }' is not assignable to parameter of type 'never'.
  Overload 2 of 2, '(values: never[], options?: { count?: "exact" | "planned" | "estimated" | undefined; defaultToNull?: boolean | undefined; } | undefined): PostgrestFilterBuilder<{ PostgrestVersion: "12"; }, never, never, null, "seasons", never, "POST">', gave the following error.
    Object literal may only specify known properties, and 'name' does not exist in type 'never[]'.
app/(admin)/admin/seasons/page.tsx(79,76): error TS2345: Argument of type '{ status: string; activated_at: string; updated_at: string; }' is not assignable to parameter of type 'never'.
app/(admin)/admin/seasons/page.tsx(81,80): error TS2345: Argument of type '{ status: string; updated_at: string; }' is not assignable to parameter of type 'never'.
app/(admin)/admin/seasons/page.tsx(90,63): error TS2345: Argument of type '{ status: string; updated_at: string; }' is not assignable to parameter of type 'never'.
app/(admin)/admin/users/page.tsx(45,59): error TS2698: Spread types may only be created from object types.
app/(admin)/admin/users/page.tsx(45,73): error TS2339: Property 'club' does not exist on type 'never'.
app/(admin)/admin/users/page.tsx(72,82): error TS2769: No overload matches this call.
  Overload 1 of 2, '(values: never, options?: { count?: "exact" | "planned" | "estimated" | undefined; } | undefined): PostgrestFilterBuilder<{ PostgrestVersion: "12"; }, never, never, null, "clubs", never, "POST">', gave the following error.
    Argument of type '{ name: string; budget: number; }' is not assignable to parameter of type 'never'.
  Overload 2 of 2, '(values: never[], options?: { count?: "exact" | "planned" | "estimated" | undefined; defaultToNull?: boolean | undefined; } | undefined): PostgrestFilterBuilder<{ PostgrestVersion: "12"; }, never, never, null, "clubs", never, "POST">', gave the following error.
    Object literal may only specify known properties, and 'name' does not exist in type 'never[]'.
app/(admin)/admin/users/page.tsx(74,26): error TS2339: Property 'id' does not exist on type 'never'.
app/(admin)/admin/users/page.tsx(79,63): error TS2345: Argument of type 'UserUpdate' is not assignable to parameter of type 'never'.
app/(admin)/admin/users/page.tsx(84,63): error TS2769: No overload matches this call.
  Overload 1 of 2, '(values: never, options?: { count?: "exact" | "planned" | "estimated" | undefined; } | undefined): PostgrestFilterBuilder<{ PostgrestVersion: "12"; }, never, never, null, "users", never, "POST">', gave the following error.
    Argument of type 'UserInsert' is not assignable to parameter of type 'never'.
  Overload 2 of 2, '(values: never[], options?: { count?: "exact" | "planned" | "estimated" | undefined; defaultToNull?: boolean | undefined; } | undefined): PostgrestFilterBuilder<{ PostgrestVersion: "12"; }, never, never, null, "users", never, "POST">', gave the following error.
    Argument of type 'UserInsert' is not assignable to parameter of type 'never[]'.
      Type 'UserInsert' is missing the following properties from type 'never[]': length, pop, push, concat, and 35 more.
app/(auth)/admin-login/page.tsx(47,20): error TS2339: Property 'id' does not exist on type 'never'.
app/(auth)/admin-login/page.tsx(48,26): error TS2339: Property 'username' does not exist on type 'never'.
app/(auth)/admin-login/page.tsx(49,26): error TS2339: Property 'password' does not exist on type 'never'.
app/(auth)/admin-login/page.tsx(50,27): error TS2339: Property 'full_name' does not exist on type 'never'.
app/(auth)/admin-login/page.tsx(51,22): error TS2339: Property 'role' does not exist on type 'never'.
app/(auth)/admin-login/page.tsx(52,25): error TS2339: Property 'club_id' does not exist on type 'never'.
app/(auth)/admin-login/page.tsx(53,28): error TS2339: Property 'created_at' does not exist on type 'never'.
app/(auth)/admin-login/page.tsx(54,28): error TS2339: Property 'updated_at' does not exist on type 'never'.
app/(auth)/admin-login/page.tsx(61,41): error TS2339: Property 'full_name' does not exist on type 'never'.
app/(auth)/login/page.tsx(47,20): error TS2339: Property 'id' does not exist on type 'never'.
app/(auth)/login/page.tsx(48,26): error TS2339: Property 'username' does not exist on type 'never'.
app/(auth)/login/page.tsx(49,26): error TS2339: Property 'password' does not exist on type 'never'.
app/(auth)/login/page.tsx(50,27): error TS2339: Property 'full_name' does not exist on type 'never'.
app/(auth)/login/page.tsx(51,22): error TS2339: Property 'role' does not exist on type 'never'.
app/(auth)/login/page.tsx(52,25): error TS2339: Property 'club_id' does not exist on type 'never'.
app/(auth)/login/page.tsx(53,28): error TS2339: Property 'created_at' does not exist on type 'never'.
app/(auth)/login/page.tsx(54,28): error TS2339: Property 'updated_at' does not exist on type 'never'.
app/(auth)/login/page.tsx(56,20): error TS2339: Property 'club' does not exist on type 'never'.
app/(auth)/login/page.tsx(61,41): error TS2339: Property 'full_name' does not exist on type 'never'.
app/(dashboard)/dashboard/page.tsx(114,39): error TS2339: Property 'id' does not exist on type 'never'.
app/(dashboard)/dashboard/page.tsx(138,33): error TS2339: Property 'competition' does not exist on type 'never'.
app/(dashboard)/dashboard/page.tsx(165,41): error TS2339: Property 'points' does not exist on type 'never'.
lib/match-engine.ts(42,51): error TS2339: Property 'id' does not exist on type 'never'.
lib/match-engine.ts(51,22): error TS2339: Property 'matchday' does not exist on type 'never'.
lib/match-engine.ts(52,34): error TS2339: Property 'competition_id' does not exist on type 'never'.
lib/match-engine.ts(53,31): error TS2339: Property 'competition_id' does not exist on type 'never'.
lib/match-engine.ts(55,42): error TS2339: Property 'competition_id' does not exist on type 'never'.
lib/match-engine.ts(68,49): error TS2339: Property 'competition_id' does not exist on type 'never'.
lib/match-engine.ts(68,81): error TS2339: Property 'matchday' does not exist on type 'never'.
lib/match-engine.ts(72,33): error TS2339: Property 'match_order' does not exist on type 'never'.
lib/match-engine.ts(90,14): error TS2339: Property 'competition_id' does not exist on type 'never'.
lib/match-engine.ts(90,51): error TS2339: Property 'matchday' does not exist on type 'never'.
lib/match-engine.ts(94,32): error TS2339: Property 'id' does not exist on type 'never'.
lib/match-engine.ts(102,15): error TS2345: Argument of type '{ deadline: string; }' is not assignable to parameter of type 'never'.
lib/match-engine.ts(140,13): error TS2339: Property 'home_club_id' does not exist on type 'never'.
lib/match-engine.ts(140,46): error TS2339: Property 'away_club_id' does not exist on type 'never'.
lib/match-engine.ts(145,13): error TS2339: Property 'status' does not exist on type 'never'.
lib/match-engine.ts(150,32): error TS2339: Property 'home_club_id' does not exist on type 'never'.
lib/match-engine.ts(150,64): error TS2339: Property 'away_club_id' does not exist on type 'never'.
lib/match-engine.ts(150,85): error TS2339: Property 'home_club_id' does not exist on type 'never'.
lib/match-engine.ts(160,31): error TS2339: Property 'competition' does not exist on type 'never'.
lib/match-engine.ts(162,57): error TS2339: Property 'group_name' does not exist on type 'never'.
lib/match-engine.ts(166,49): error TS2339: Property 'goals' does not exist on type 'never'.
lib/match-engine.ts(171,28): error TS2339: Property 'home_club_id' does not exist on type 'never'.
lib/match-engine.ts(175,17): error TS2339: Property 'leg' does not exist on type 'never'.
lib/match-engine.ts(188,17): error TS2339: Property 'leg' does not exist on type 'never'.
lib/match-engine.ts(201,6): error TS2769: No overload matches this call.
  Overload 1 of 2, '(values: never, options?: { onConflict?: string | undefined; ignoreDuplicates?: boolean | undefined; count?: "exact" | "planned" | "estimated" | undefined; } | undefined): PostgrestFilterBuilder<{ ...; }, ... 5 more ..., "POST">', gave the following error.
    Argument of type '{ match_id: string; club_id: string; goals: GoalEntry[]; assists: AssistEntry[]; mvp_player_id: string | null; updated_at: string; }' is not assignable to parameter of type 'never'.
  Overload 2 of 2, '(values: never[], options?: { onConflict?: string | undefined; ignoreDuplicates?: boolean | undefined; count?: "exact" | "planned" | "estimated" | undefined; defaultToNull?: boolean | undefined; } | undefined): PostgrestFilterBuilder<...>', gave the following error.
    Object literal may only specify known properties, and 'match_id' does not exist in type 'never[]'.
lib/match-engine.ts(236,14): error TS2339: Property 'status' does not exist on type 'never'.
lib/match-engine.ts(283,21): error TS2339: Property 'home_score' does not exist on type 'never'.
lib/match-engine.ts(283,49): error TS2339: Property 'away_score' does not exist on type 'never'.
lib/match-engine.ts(293,12): error TS2339: Property 'home_club_id' does not exist on type 'never'.
lib/match-engine.ts(297,24): error TS2339: Property 'home_score' does not exist on type 'never'.
lib/match-engine.ts(298,24): error TS2339: Property 'away_score' does not exist on type 'never'.
lib/match-engine.ts(301,24): error TS2339: Property 'home_score' does not exist on type 'never'.
lib/match-engine.ts(302,24): error TS2339: Property 'away_score' does not exist on type 'never'.
lib/match-engine.ts(333,87): error TS2339: Property 'home_club_id' does not exist on type 'never'.
lib/match-engine.ts(334,87): error TS2339: Property 'away_club_id' does not exist on type 'never'.
lib/match-engine.ts(339,37): error TS2339: Property 'goals' does not exist on type 'never'.
lib/match-engine.ts(340,37): error TS2339: Property 'goals' does not exist on type 'never'.
lib/match-engine.ts(345,13): error TS2345: Argument of type '{ status: string; home_score: number; away_score: number; played_at: string; updated_at: string; }' is not assignable to parameter of type 'never'.
lib/match-engine.ts(354,29): error TS2339: Property 'competition' does not exist on type 'never'.
lib/match-engine.ts(357,30): error TS2339: Property 'group_name' does not exist on type 'never'.
lib/match-engine.ts(363,67): error TS2339: Property 'competition_id' does not exist on type 'never'.
lib/match-engine.ts(408,28): error TS2339: Property 'played' does not exist on type 'never'.
lib/match-engine.ts(409,25): error TS2339: Property 'won' does not exist on type 'never'.
lib/match-engine.ts(410,27): error TS2339: Property 'drawn' does not exist on type 'never'.
lib/match-engine.ts(411,26): error TS2339: Property 'lost' does not exist on type 'never'.
lib/match-engine.ts(412,31): error TS2339: Property 'goals_for' does not exist on type 'never'.
lib/match-engine.ts(413,35): error TS2339: Property 'goals_against' does not exist on type 'never'.
lib/match-engine.ts(414,38): error TS2339: Property 'goals_for' does not exist on type 'never'.
lib/match-engine.ts(414,77): error TS2339: Property 'goals_against' does not exist on type 'never'.
lib/match-engine.ts(415,28): error TS2339: Property 'points' does not exist on type 'never'.
lib/match-engine.ts(418,45): error TS2345: Argument of type '{ played: any; won: any; drawn: any; lost: any; goals_for: any; goals_against: any; goal_difference: number; points: any; updated_at: string; }' is not assignable to parameter of type 'never'.
lib/match-engine.ts(418,76): error TS2339: Property 'id' does not exist on type 'never'.
lib/match-engine.ts(433,28): error TS2339: Property 'played' does not exist on type 'never'.
lib/match-engine.ts(434,25): error TS2339: Property 'won' does not exist on type 'never'.
lib/match-engine.ts(435,27): error TS2339: Property 'drawn' does not exist on type 'never'.
lib/match-engine.ts(436,26): error TS2339: Property 'lost' does not exist on type 'never'.
lib/match-engine.ts(437,31): error TS2339: Property 'goals_for' does not exist on type 'never'.
lib/match-engine.ts(438,35): error TS2339: Property 'goals_against' does not exist on type 'never'.
lib/match-engine.ts(439,38): error TS2339: Property 'goals_for' does not exist on type 'never'.
lib/match-engine.ts(439,77): error TS2339: Property 'goals_against' does not exist on type 'never'.
lib/match-engine.ts(440,28): error TS2339: Property 'points' does not exist on type 'never'.
lib/match-engine.ts(443,45): error TS2345: Argument of type '{ played: any; won: any; drawn: any; lost: any; goals_for: any; goals_against: any; goal_difference: number; points: any; updated_at: string; }' is not assignable to parameter of type 'never'.
lib/match-engine.ts(443,76): error TS2339: Property 'id' does not exist on type 'never'.
lib/match-engine.ts(472,19): error TS2345: Argument of type '{ goals: any; updated_at: string; }' is not assignable to parameter of type 'never'.
lib/match-engine.ts(473,25): error TS2339: Property 'goals' does not exist on type 'never'.
lib/match-engine.ts(476,26): error TS2339: Property 'id' does not exist on type 'never'.
lib/match-engine.ts(493,19): error TS2345: Argument of type '{ assists: any; updated_at: string; }' is not assignable to parameter of type 'never'.
lib/match-engine.ts(494,27): error TS2339: Property 'assists' does not exist on type 'never'.
lib/match-engine.ts(497,26): error TS2339: Property 'id' does not exist on type 'never'.
lib/match-engine.ts(513,19): error TS2345: Argument of type '{ mvp_count: any; updated_at: string; }' is not assignable to parameter of type 'never'.
lib/match-engine.ts(514,32): error TS2339: Property 'mvp_count' does not exist on type 'never'.
lib/match-engine.ts(517,29): error TS2339: Property 'id' does not exist on type 'never'.
lib/match-engine.ts(533,19): error TS2345: Argument of type '{ matches_played: any; updated_at: string; }' is not assignable to parameter of type 'never'.
lib/match-engine.ts(534,34): error TS2339: Property 'matches_played' does not exist on type 'never'.
lib/match-engine.ts(537,26): error TS2339: Property 'id' does not exist on type 'never'.
lib/match-engine.ts(576,23): error TS2339: Property 'home_score' does not exist on type 'never'.
lib/match-engine.ts(576,51): error TS2339: Property 'away_score' does not exist on type 'never'.
lib/match-engine.ts(583,14): error TS2339: Property 'home_club_id' does not exist on type 'never'.
lib/match-engine.ts(585,22): error TS2339: Property 'home_club_id' does not exist on type 'never'.
lib/match-engine.ts(586,22): error TS2339: Property 'away_club_id' does not exist on type 'never'.
lib/match-engine.ts(587,25): error TS2339: Property 'home_score' does not exist on type 'never'.
lib/match-engine.ts(588,25): error TS2339: Property 'away_score' does not exist on type 'never'.
lib/match-engine.ts(590,22): error TS2339: Property 'home_club_id' does not exist on type 'never'.
lib/match-engine.ts(591,22): error TS2339: Property 'away_club_id' does not exist on type 'never'.
lib/match-engine.ts(592,25): error TS2339: Property 'home_score' does not exist on type 'never'.
lib/match-engine.ts(593,25): error TS2339: Property 'away_score' does not exist on type 'never'.
lib/match-engine.ts(635,17): error TS2345: Argument of type '{ away_club_id: string; updated_at: string; }' is not assignable to parameter of type 'never'.
lib/match-engine.ts(636,26): error TS2339: Property 'id' does not exist on type 'never'.
lib/match-engine.ts(644,34): error TS2339: Property 'matchday' does not exist on type 'never'.
lib/match-engine.ts(652,21): error TS2345: Argument of type '{ home_club_id: string; updated_at: string; }' is not assignable to parameter of type 'never'.
lib/match-engine.ts(653,38): error TS2339: Property 'id' does not exist on type 'never'.
lib/match-engine.ts(664,13): error TS2345: Argument of type '{ home_club_id: string; updated_at: string; }' is not assignable to parameter of type 'never'.
lib/match-engine.ts(665,22): error TS2339: Property 'id' does not exist on type 'never'.
lib/match-engine.ts(673,30): error TS2339: Property 'matchday' does not exist on type 'never'.
lib/match-engine.ts(681,17): error TS2345: Argument of type '{ away_club_id: string; updated_at: string; }' is not assignable to parameter of type 'never'.
lib/match-engine.ts(682,27): error TS2339: Property 'id' does not exist on type 'never'.
lib/match-engine.ts(734,55): error TS2769: No overload matches this call.
  Overload 1 of 2, '(values: never, options?: { onConflict?: string | undefined; ignoreDuplicates?: boolean | undefined; count?: "exact" | "planned" | "estimated" | undefined; } | undefined): PostgrestFilterBuilder<{ ...; }, ... 5 more ..., "POST">', gave the following error.
    Argument of type '{ match_id: string; club_id: string; goals: never[]; assists: never[]; mvp_player_id: null; }[]' is not assignable to parameter of type 'never'.
lib/match-engine.ts(740,35): error TS2339: Property 'goals' does not exist on type 'never'.
lib/match-engine.ts(743,48): error TS2769: No overload matches this call.
  Overload 1 of 2, '(values: never, options?: { onConflict?: string | undefined; ignoreDuplicates?: boolean | undefined; count?: "exact" | "planned" | "estimated" | undefined; } | undefined): PostgrestFilterBuilder<{ ...; }, ... 5 more ..., "POST">', gave the following error.
    Argument of type '{ match_id: string; club_id: string; goals: never[]; assists: never[]; mvp_player_id: null; }' is not assignable to parameter of type 'never'.
  Overload 2 of 2, '(values: never[], options?: { onConflict?: string | undefined; ignoreDuplicates?: boolean | undefined; count?: "exact" | "planned" | "estimated" | undefined; defaultToNull?: boolean | undefined; } | undefined): PostgrestFilterBuilder<...>', gave the following error.
    Object literal may only specify known properties, and 'match_id' does not exist in type 'never[]'.
lib/match-engine.ts(750,35): error TS2339: Property 'goals' does not exist on type 'never'.
lib/match-engine.ts(752,48): error TS2769: No overload matches this call.
  Overload 1 of 2, '(values: never, options?: { onConflict?: string | undefined; ignoreDuplicates?: boolean | undefined; count?: "exact" | "planned" | "estimated" | undefined; } | undefined): PostgrestFilterBuilder<{ ...; }, ... 5 more ..., "POST">', gave the following error.
    Argument of type '{ match_id: string; club_id: string; goals: never[]; assists: never[]; mvp_player_id: null; }' is not assignable to parameter of type 'never'.
  Overload 2 of 2, '(values: never[], options?: { onConflict?: string | undefined; ignoreDuplicates?: boolean | undefined; count?: "exact" | "planned" | "estimated" | undefined; defaultToNull?: boolean | undefined; } | undefined): PostgrestFilterBuilder<...>', gave the following error.
    Object literal may only specify known properties, and 'match_id' does not exist in type 'never[]'.
lib/match-engine.ts(758,36): error TS2339: Property 'goals' does not exist on type 'never'.
lib/match-engine.ts(759,36): error TS2339: Property 'goals' does not exist on type 'never'.
lib/match-engine.ts(782,15): error TS2345: Argument of type '{ status: string; home_score: number; away_score: number; played_at: string; notes: string; updated_at: string; }' is not assignable to parameter of type 'never'.
